---
source: lustre-collector/src/parser.rs
expression: result
---
(
    [
        Host(
            Memused(
                HostStat {
                    param: Param(
                        "memused",
                    ),
                    value: 1428667814,
                },
            ),
        ),
        Host(
            MemusedMax(
                HostStat {
                    param: Param(
                        "memused_max",
                    ),
                    value: 1431117162,
                },
            ),
        ),
        Host(
            LNetMemUsed(
                HostStat {
                    param: Param(
                        "lnet_memused",
                    ),
                    value: 179561964,
                },
            ),
        ),
        Host(
            HealthCheck(
                HostStat {
                    param: Param(
                        "health_check",
                    ),
                    value: HealthCheckStat {
                        healthy: true,
                        targets: [],
                    },
                },
            ),
        ),
        Target(
            ConnectedClients(
                TargetStat {
                    kind: Mdt,
                    param: Param(
                        "connected_clients",
                    ),
                    target: Target(
                        "testfs-MDT0000",
                    ),
                    value: 1,
                },
            ),
        ),
        Target(
            FilesFree(
                TargetStat {
                    kind: Mgt,
                    param: Param(
                        "filesfree",
                    ),
                    target: Target(
                        "MGS",
                    ),
                    value: 130871,
                },
            ),
        ),
        Target(
            FilesFree(
                TargetStat {
                    kind: Mdt,
                    param: Param(
                        "filesfree",
                    ),
                    target: Target(
                        "testfs-MDT0000",
                    ),
                    value: 257722634,
                },
            ),
        ),
        Target(
            FilesFree(
                TargetStat {
                    kind: Ost,
                    param: Param(
                        "filesfree",
                    ),
                    target: Target(
                        "testfs-OST0000",
                    ),
                    value: 274726412,
                },
            ),
        ),
        Target(
            FilesFree(
                TargetStat {
                    kind: Ost,
                    param: Param(
                        "filesfree",
                    ),
                    target: Target(
                        "testfs-OST0001",
                    ),
                    value: 274726412,
                },
            ),
        ),
        Target(
            FilesTotal(
                TargetStat {
                    kind: Mgt,
                    param: Param(
                        "filestotal",
                    ),
                    target: Target(
                        "MGS",
                    ),
                    value: 131072,
                },
            ),
        ),
        Target(
            FilesTotal(
                TargetStat {
                    kind: Mdt,
                    param: Param(
                        "filestotal",
                    ),
                    target: Target(
                        "testfs-MDT0000",
                    ),
                    value: 257722920,
                },
            ),
        ),
        Target(
            FilesTotal(
                TargetStat {
                    kind: Ost,
                    param: Param(
                        "filestotal",
                    ),
                    target: Target(
                        "testfs-OST0000",
                    ),
                    value: 274726912,
                },
            ),
        ),
        Target(
            FilesTotal(
                TargetStat {
                    kind: Ost,
                    param: Param(
                        "filestotal",
                    ),
                    target: Target(
                        "testfs-OST0001",
                    ),
                    value: 274726912,
                },
            ),
        ),
        Target(
            FsType(
                TargetStat {
                    kind: Mgt,
                    param: Param(
                        "fstype",
                    ),
                    target: Target(
                        "MGS",
                    ),
                    value: "ldiskfs",
                },
            ),
        ),
        Target(
            FsType(
                TargetStat {
                    kind: Mdt,
                    param: Param(
                        "fstype",
                    ),
                    target: Target(
                        "testfs-MDT0000",
                    ),
                    value: "ldiskfs",
                },
            ),
        ),
        Target(
            FsType(
                TargetStat {
                    kind: Ost,
                    param: Param(
                        "fstype",
                    ),
                    target: Target(
                        "testfs-OST0000",
                    ),
                    value: "ldiskfs",
                },
            ),
        ),
        Target(
            FsType(
                TargetStat {
                    kind: Ost,
                    param: Param(
                        "fstype",
                    ),
                    target: Target(
                        "testfs-OST0001",
                    ),
                    value: "ldiskfs",
                },
            ),
        ),
        Target(
            KBytesAvail(
                TargetStat {
                    kind: Mgt,
                    param: Param(
                        "kbytesavail",
                    ),
                    target: Target(
                        "MGS",
                    ),
                    value: 1873816,
                },
            ),
        ),
        Target(
            KBytesAvail(
                TargetStat {
                    kind: Mdt,
                    param: Param(
                        "kbytesavail",
                    ),
                    target: Target(
                        "testfs-MDT0000",
                    ),
                    value: 359762008,
                },
            ),
        ),
        Target(
            KBytesAvail(
                TargetStat {
                    kind: Ost,
                    param: Param(
                        "kbytesavail",
                    ),
                    target: Target(
                        "testfs-OST0000",
                    ),
                    value: 34398756288,
                },
            ),
        ),
        Target(
            KBytesAvail(
                TargetStat {
                    kind: Ost,
                    param: Param(
                        "kbytesavail",
                    ),
                    target: Target(
                        "testfs-OST0001",
                    ),
                    value: 34398756288,
                },
            ),
        ),
        Target(
            KBytesFree(
                TargetStat {
                    kind: Mgt,
                    param: Param(
                        "kbytesfree",
                    ),
                    target: Target(
                        "MGS",
                    ),
                    value: 1978672,
                },
            ),
        ),
        Target(
            KBytesFree(
                TargetStat {
                    kind: Mdt,
                    param: Param(
                        "kbytesfree",
                    ),
                    target: Target(
                        "testfs-MDT0000",
                    ),
                    value: 366204132,
                },
            ),
        ),
        Target(
            KBytesFree(
                TargetStat {
                    kind: Ost,
                    param: Param(
                        "kbytesfree",
                    ),
                    target: Target(
                        "testfs-OST0000",
                    ),
                    value: 34750423116,
                },
            ),
        ),
        Target(
            KBytesFree(
                TargetStat {
                    kind: Ost,
                    param: Param(
                        "kbytesfree",
                    ),
                    target: Target(
                        "testfs-OST0001",
                    ),
                    value: 34750423116,
                },
            ),
        ),
        Target(
            KBytesTotal(
                TargetStat {
                    kind: Mgt,
                    param: Param(
                        "kbytestotal",
                    ),
                    target: Target(
                        "MGS",
                    ),
                    value: 1980036,
                },
            ),
        ),
        Target(
            KBytesTotal(
                TargetStat {
                    kind: Mdt,
                    param: Param(
                        "kbytestotal",
                    ),
                    target: Target(
                        "testfs-MDT0000",
                    ),
                    value: 366222772,
                },
            ),
        ),
        Target(
            KBytesTotal(
                TargetStat {
                    kind: Ost,
                    param: Param(
                        "kbytestotal",
                    ),
                    target: Target(
                        "testfs-OST0000",
                    ),
                    value: 34750424936,
                },
            ),
        ),
        Target(
            KBytesTotal(
                TargetStat {
                    kind: Ost,
                    param: Param(
                        "kbytestotal",
                    ),
                    target: Target(
                        "testfs-OST0001",
                    ),
                    value: 34750424936,
                },
            ),
        ),
        Target(
            BrwStats(
                TargetStat {
                    kind: Mgt,
                    param: Param(
                        "brw_stats",
                    ),
                    target: Target(
                        "MGS",
                    ),
                    value: [
                        BrwStats {
                            name: "pages",
                            unit: "rpcs",
                            buckets: [],
                        },
                        BrwStats {
                            name: "discont_pages",
                            unit: "rpcs",
                            buckets: [],
                        },
                        BrwStats {
                            name: "discont_blocks",
                            unit: "rpcs",
                            buckets: [],
                        },
                        BrwStats {
                            name: "dio_frags",
                            unit: "ios",
                            buckets: [],
                        },
                        BrwStats {
                            name: "rpc_hist",
                            unit: "ios",
                            buckets: [],
                        },
                        BrwStats {
                            name: "io_time",
                            unit: "ios",
                            buckets: [],
                        },
                        BrwStats {
                            name: "disk_iosize",
                            unit: "ios",
                            buckets: [],
                        },
                        BrwStats {
                            name: "block_maps_msec",
                            unit: "maps",
                            buckets: [],
                        },
                    ],
                },
            ),
        ),
        Target(
            BrwStats(
                TargetStat {
                    kind: Mdt,
                    param: Param(
                        "brw_stats",
                    ),
                    target: Target(
                        "testfs-MDT0000",
                    ),
                    value: [
                        BrwStats {
                            name: "pages",
                            unit: "rpcs",
                            buckets: [],
                        },
                        BrwStats {
                            name: "discont_pages",
                            unit: "rpcs",
                            buckets: [],
                        },
                        BrwStats {
                            name: "discont_blocks",
                            unit: "rpcs",
                            buckets: [],
                        },
                        BrwStats {
                            name: "dio_frags",
                            unit: "ios",
                            buckets: [],
                        },
                        BrwStats {
                            name: "rpc_hist",
                            unit: "ios",
                            buckets: [],
                        },
                        BrwStats {
                            name: "io_time",
                            unit: "ios",
                            buckets: [],
                        },
                        BrwStats {
                            name: "disk_iosize",
                            unit: "ios",
                            buckets: [],
                        },
                        BrwStats {
                            name: "block_maps_msec",
                            unit: "maps",
                            buckets: [],
                        },
                    ],
                },
            ),
        ),
        Target(
            BrwStats(
                TargetStat {
                    kind: Ost,
                    param: Param(
                        "brw_stats",
                    ),
                    target: Target(
                        "testfs-OST0000",
                    ),
                    value: [
                        BrwStats {
                            name: "pages",
                            unit: "rpcs",
                            buckets: [],
                        },
                        BrwStats {
                            name: "discont_pages",
                            unit: "rpcs",
                            buckets: [],
                        },
                        BrwStats {
                            name: "discont_blocks",
                            unit: "rpcs",
                            buckets: [],
                        },
                        BrwStats {
                            name: "dio_frags",
                            unit: "ios",
                            buckets: [],
                        },
                        BrwStats {
                            name: "rpc_hist",
                            unit: "ios",
                            buckets: [],
                        },
                        BrwStats {
                            name: "io_time",
                            unit: "ios",
                            buckets: [],
                        },
                        BrwStats {
                            name: "disk_iosize",
                            unit: "ios",
                            buckets: [],
                        },
                        BrwStats {
                            name: "block_maps_msec",
                            unit: "maps",
                            buckets: [],
                        },
                    ],
                },
            ),
        ),
        Target(
            BrwStats(
                TargetStat {
                    kind: Ost,
                    param: Param(
                        "brw_stats",
                    ),
                    target: Target(
                        "testfs-OST0001",
                    ),
                    value: [
                        BrwStats {
                            name: "pages",
                            unit: "rpcs",
                            buckets: [],
                        },
                        BrwStats {
                            name: "discont_pages",
                            unit: "rpcs",
                            buckets: [],
                        },
                        BrwStats {
                            name: "discont_blocks",
                            unit: "rpcs",
                            buckets: [],
                        },
                        BrwStats {
                            name: "dio_frags",
                            unit: "ios",
                            buckets: [],
                        },
                        BrwStats {
                            name: "rpc_hist",
                            unit: "ios",
                            buckets: [],
                        },
                        BrwStats {
                            name: "io_time",
                            unit: "ios",
                            buckets: [],
                        },
                        BrwStats {
                            name: "disk_iosize",
                            unit: "ios",
                            buckets: [],
                        },
                        BrwStats {
                            name: "block_maps_msec",
                            unit: "maps",
                            buckets: [],
                        },
                    ],
                },
            ),
        ),
        Target(
            ConnectedClients(
                TargetStat {
                    kind: Mdt,
                    param: Param(
                        "connected_clients",
                    ),
                    target: Target(
                        "testfs-MDT0000",
                    ),
                    value: 1,
                },
            ),
        ),
        Target(
            Stats(
                TargetStat {
                    kind: Mgt,
                    param: Param(
                        "stats",
                    ),
                    target: Target(
                        "MGS",
                    ),
                    value: [
                        Stat {
                            name: "req_waittime",
                            units: "usecs",
                            samples: 2401,
                            min: Some(
                                8,
                            ),
                            max: Some(
                                47029,
                            ),
                            sum: Some(
                                275681,
                            ),
                            sumsquare: Some(
                                5985183985,
                            ),
                        },
                        Stat {
                            name: "req_qdepth",
                            units: "reqs",
                            samples: 2401,
                            min: Some(
                                0,
                            ),
                            max: Some(
                                0,
                            ),
                            sum: Some(
                                0,
                            ),
                            sumsquare: Some(
                                0,
                            ),
                        },
                        Stat {
                            name: "req_active",
                            units: "reqs",
                            samples: 2401,
                            min: Some(
                                1,
                            ),
                            max: Some(
                                3,
                            ),
                            sum: Some(
                                2425,
                            ),
                            sumsquare: Some(
                                2475,
                            ),
                        },
                        Stat {
                            name: "req_timeout",
                            units: "secs",
                            samples: 2401,
                            min: Some(
                                1,
                            ),
                            max: Some(
                                10,
                            ),
                            sum: Some(
                                2410,
                            ),
                            sumsquare: Some(
                                2500,
                            ),
                        },
                        Stat {
                            name: "reqbuf_avail",
                            units: "bufs",
                            samples: 6560,
                            min: Some(
                                61,
                            ),
                            max: Some(
                                64,
                            ),
                            sum: Some(
                                414962,
                            ),
                            sumsquare: Some(
                                26250410,
                            ),
                        },
                        Stat {
                            name: "ldlm_plain_enqueue",
                            units: "reqs",
                            samples: 59,
                            min: Some(
                                1,
                            ),
                            max: Some(
                                1,
                            ),
                            sum: Some(
                                59,
                            ),
                            sumsquare: Some(
                                59,
                            ),
                        },
                        Stat {
                            name: "mgs_connect",
                            units: "usecs",
                            samples: 4,
                            min: Some(
                                40,
                            ),
                            max: Some(
                                63,
                            ),
                            sum: Some(
                                204,
                            ),
                            sumsquare: Some(
                                10670,
                            ),
                        },
                        Stat {
                            name: "mgs_target_reg",
                            units: "usecs",
                            samples: 24,
                            min: Some(
                                12,
                            ),
                            max: Some(
                                691,
                            ),
                            sum: Some(
                                4172,
                            ),
                            sumsquare: Some(
                                1491574,
                            ),
                        },
                        Stat {
                            name: "mgs_config_read",
                            units: "usecs",
                            samples: 12,
                            min: Some(
                                26,
                            ),
                            max: Some(
                                439,
                            ),
                            sum: Some(
                                1406,
                            ),
                            sumsquare: Some(
                                295580,
                            ),
                        },
                        Stat {
                            name: "obd_ping",
                            units: "usecs",
                            samples: 2121,
                            min: Some(
                                6,
                            ),
                            max: Some(
                                47006,
                            ),
                            sum: Some(
                                147929,
                            ),
                            sumsquare: Some(
                                3631971991,
                            ),
                        },
                        Stat {
                            name: "llog_origin_handle_open",
                            units: "usecs",
                            samples: 42,
                            min: Some(
                                6,
                            ),
                            max: Some(
                                50,
                            ),
                            sum: Some(
                                677,
                            ),
                            sumsquare: Some(
                                14905,
                            ),
                        },
                        Stat {
                            name: "llog_origin_handle_next_block",
                            units: "usecs",
                            samples: 101,
                            min: Some(
                                6,
                            ),
                            max: Some(
                                259,
                            ),
                            sum: Some(
                                2656,
                            ),
                            sumsquare: Some(
                                169606,
                            ),
                        },
                        Stat {
                            name: "llog_origin_handle_read_header",
                            units: "usecs",
                            samples: 38,
                            min: Some(
                                7,
                            ),
                            max: Some(
                                190,
                            ),
                            sum: Some(
                                1271,
                            ),
                            sumsquare: Some(
                                93967,
                            ),
                        },
                    ],
                },
            ),
        ),
        Target(
            ThreadsMax(
                TargetStat {
                    kind: Mgt,
                    param: Param(
                        "threads_max",
                    ),
                    target: Target(
                        "MGS",
                    ),
                    value: 32,
                },
            ),
        ),
        Target(
            ThreadsMin(
                TargetStat {
                    kind: Mgt,
                    param: Param(
                        "threads_min",
                    ),
                    target: Target(
                        "MGS",
                    ),
                    value: 3,
                },
            ),
        ),
        Target(
            ThreadsStarted(
                TargetStat {
                    kind: Mgt,
                    param: Param(
                        "threads_started",
                    ),
                    target: Target(
                        "MGS",
                    ),
                    value: 4,
                },
            ),
        ),
        Target(
            NumExports(
                TargetStat {
                    kind: Mgt,
                    param: Param(
                        "num_exports",
                    ),
                    target: Target(
                        "MGS",
                    ),
                    value: 4,
                },
            ),
        ),
        Target(
            JobStatsOst(
                TargetStat {
                    kind: Ost,
                    param: Param(
                        "job_stats",
                    ),
                    target: Target(
                        "testfs-OST0000",
                    ),
                    value: None,
                },
            ),
        ),
        Target(
            JobStatsOst(
                TargetStat {
                    kind: Ost,
                    param: Param(
                        "job_stats",
                    ),
                    target: Target(
                        "testfs-OST0001",
                    ),
                    value: None,
                },
            ),
        ),
        Target(
            Stats(
                TargetStat {
                    kind: Ost,
                    param: Param(
                        "stats",
                    ),
                    target: Target(
                        "testfs-OST0000",
                    ),
                    value: [
                        Stat {
                            name: "create",
                            units: "usecs",
                            samples: 8,
                            min: Some(
                                1,
                            ),
                            max: Some(
                                1201,
                            ),
                            sum: Some(
                                2230,
                            ),
                            sumsquare: Some(
                                1751346,
                            ),
                        },
                        Stat {
                            name: "statfs",
                            units: "usecs",
                            samples: 9714,
                            min: Some(
                                0,
                            ),
                            max: Some(
                                27,
                            ),
                            sum: Some(
                                26301,
                            ),
                            sumsquare: Some(
                                156187,
                            ),
                        },
                        Stat {
                            name: "get_info",
                            units: "usecs",
                            samples: 4,
                            min: Some(
                                872,
                            ),
                            max: Some(
                                1999,
                            ),
                            sum: Some(
                                4718,
                            ),
                            sumsquare: Some(
                                6464074,
                            ),
                        },
                    ],
                },
            ),
        ),
        Target(
            Stats(
                TargetStat {
                    kind: Ost,
                    param: Param(
                        "stats",
                    ),
                    target: Target(
                        "testfs-OST0001",
                    ),
                    value: [
                        Stat {
                            name: "create",
                            units: "usecs",
                            samples: 8,
                            min: Some(
                                1,
                            ),
                            max: Some(
                                1673,
                            ),
                            sum: Some(
                                2685,
                            ),
                            sumsquare: Some(
                                3107485,
                            ),
                        },
                        Stat {
                            name: "statfs",
                            units: "usecs",
                            samples: 9714,
                            min: Some(
                                0,
                            ),
                            max: Some(
                                27,
                            ),
                            sum: Some(
                                26831,
                            ),
                            sumsquare: Some(
                                166481,
                            ),
                        },
                        Stat {
                            name: "get_info",
                            units: "usecs",
                            samples: 4,
                            min: Some(
                                1009,
                            ),
                            max: Some(
                                1724,
                            ),
                            sum: Some(
                                5464,
                            ),
                            sumsquare: Some(
                                7883602,
                            ),
                        },
                    ],
                },
            ),
        ),
        Target(
            NumExports(
                TargetStat {
                    kind: Ost,
                    param: Param(
                        "num_exports",
                    ),
                    target: Target(
                        "testfs-OST0000",
                    ),
                    value: 4,
                },
            ),
        ),
        Target(
            NumExports(
                TargetStat {
                    kind: Ost,
                    param: Param(
                        "num_exports",
                    ),
                    target: Target(
                        "testfs-OST0001",
                    ),
                    value: 4,
                },
            ),
        ),
        Target(
            TotDirty(
                TargetStat {
                    kind: Ost,
                    param: Param(
                        "tot_dirty",
                    ),
                    target: Target(
                        "testfs-OST0000",
                    ),
                    value: 0,
                },
            ),
        ),
        Target(
            TotDirty(
                TargetStat {
                    kind: Ost,
                    param: Param(
                        "tot_dirty",
                    ),
                    target: Target(
                        "testfs-OST0001",
                    ),
                    value: 0,
                },
            ),
        ),
        Target(
            TotGranted(
                TargetStat {
                    kind: Ost,
                    param: Param(
                        "tot_granted",
                    ),
                    target: Target(
                        "testfs-OST0000",
                    ),
                    value: 276416,
                },
            ),
        ),
        Target(
            TotGranted(
                TargetStat {
                    kind: Ost,
                    param: Param(
                        "tot_granted",
                    ),
                    target: Target(
                        "testfs-OST0001",
                    ),
                    value: 276416,
                },
            ),
        ),
        Target(
            TotPending(
                TargetStat {
                    kind: Ost,
                    param: Param(
                        "tot_pending",
                    ),
                    target: Target(
                        "testfs-OST0000",
                    ),
                    value: 0,
                },
            ),
        ),
        Target(
            TotPending(
                TargetStat {
                    kind: Ost,
                    param: Param(
                        "tot_pending",
                    ),
                    target: Target(
                        "testfs-OST0001",
                    ),
                    value: 0,
                },
            ),
        ),
        Target(
            Oss(
                OssStat {
                    param: Param(
                        "ost",
                    ),
                    stats: [
                        Stat {
                            name: "req_waittime",
                            units: "usecs",
                            samples: 42,
                            min: Some(
                                9,
                            ),
                            max: Some(
                                76,
                            ),
                            sum: Some(
                                1159,
                            ),
                            sumsquare: Some(
                                37619,
                            ),
                        },
                        Stat {
                            name: "req_qdepth",
                            units: "reqs",
                            samples: 42,
                            min: Some(
                                0,
                            ),
                            max: Some(
                                0,
                            ),
                            sum: Some(
                                0,
                            ),
                            sumsquare: Some(
                                0,
                            ),
                        },
                        Stat {
                            name: "req_active",
                            units: "reqs",
                            samples: 42,
                            min: Some(
                                1,
                            ),
                            max: Some(
                                2,
                            ),
                            sum: Some(
                                51,
                            ),
                            sumsquare: Some(
                                69,
                            ),
                        },
                        Stat {
                            name: "req_timeout",
                            units: "secs",
                            samples: 42,
                            min: Some(
                                1,
                            ),
                            max: Some(
                                10,
                            ),
                            sum: Some(
                                96,
                            ),
                            sumsquare: Some(
                                636,
                            ),
                        },
                        Stat {
                            name: "reqbuf_avail",
                            units: "bufs",
                            samples: 96,
                            min: Some(
                                64,
                            ),
                            max: Some(
                                64,
                            ),
                            sum: Some(
                                6144,
                            ),
                            sumsquare: Some(
                                393216,
                            ),
                        },
                        Stat {
                            name: "ost_create",
                            units: "usecs",
                            samples: 16,
                            min: Some(
                                6,
                            ),
                            max: Some(
                                1693,
                            ),
                            sum: Some(
                                5130,
                            ),
                            sumsquare: Some(
                                5041288,
                            ),
                        },
                        Stat {
                            name: "ost_get_info",
                            units: "usecs",
                            samples: 8,
                            min: Some(
                                890,
                            ),
                            max: Some(
                                2014,
                            ),
                            sum: Some(
                                10289,
                            ),
                            sumsquare: Some(
                                14624345,
                            ),
                        },
                        Stat {
                            name: "ost_connect",
                            units: "usecs",
                            samples: 10,
                            min: Some(
                                40,
                            ),
                            max: Some(
                                799,
                            ),
                            sum: Some(
                                1324,
                            ),
                            sumsquare: Some(
                                673562,
                            ),
                        },
                        Stat {
                            name: "ost_disconnect",
                            units: "usecs",
                            samples: 2,
                            min: Some(
                                51,
                            ),
                            max: Some(
                                54,
                            ),
                            sum: Some(
                                105,
                            ),
                            sumsquare: Some(
                                5517,
                            ),
                        },
                        Stat {
                            name: "obd_ping",
                            units: "usecs",
                            samples: 6,
                            min: Some(
                                16,
                            ),
                            max: Some(
                                37,
                            ),
                            sum: Some(
                                166,
                            ),
                            sumsquare: Some(
                                4920,
                            ),
                        },
                    ],
                },
            ),
        ),
        Target(
            Oss(
                OssStat {
                    param: Param(
                        "ost_io",
                    ),
                    stats: [],
                },
            ),
        ),
        Target(
            Oss(
                OssStat {
                    param: Param(
                        "ost_create",
                    ),
                    stats: [
                        Stat {
                            name: "req_waittime",
                            units: "usecs",
                            samples: 19428,
                            min: Some(
                                7,
                            ),
                            max: Some(
                                47856,
                            ),
                            sum: Some(
                                2170021,
                            ),
                            sumsquare: Some(
                                33504364513,
                            ),
                        },
                        Stat {
                            name: "req_qdepth",
                            units: "reqs",
                            samples: 19428,
                            min: Some(
                                0,
                            ),
                            max: Some(
                                1,
                            ),
                            sum: Some(
                                14,
                            ),
                            sumsquare: Some(
                                14,
                            ),
                        },
                        Stat {
                            name: "req_active",
                            units: "reqs",
                            samples: 19428,
                            min: Some(
                                1,
                            ),
                            max: Some(
                                2,
                            ),
                            sum: Some(
                                22581,
                            ),
                            sumsquare: Some(
                                28887,
                            ),
                        },
                        Stat {
                            name: "req_timeout",
                            units: "secs",
                            samples: 19428,
                            min: Some(
                                1,
                            ),
                            max: Some(
                                31,
                            ),
                            sum: Some(
                                20142,
                            ),
                            sumsquare: Some(
                                41142,
                            ),
                        },
                        Stat {
                            name: "reqbuf_avail",
                            units: "bufs",
                            samples: 50071,
                            min: Some(
                                63,
                            ),
                            max: Some(
                                64,
                            ),
                            sum: Some(
                                3203764,
                            ),
                            sumsquare: Some(
                                204991756,
                            ),
                        },
                        Stat {
                            name: "ost_statfs",
                            units: "usecs",
                            samples: 19428,
                            min: Some(
                                3,
                            ),
                            max: Some(
                                47562,
                            ),
                            sum: Some(
                                907024,
                            ),
                            sumsquare: Some(
                                13525897792,
                            ),
                        },
                    ],
                },
            ),
        ),
        Target(
            Oss(
                OssStat {
                    param: Param(
                        "ost_out",
                    ),
                    stats: [
                        Stat {
                            name: "req_waittime",
                            units: "usecs",
                            samples: 7306,
                            min: Some(
                                8,
                            ),
                            max: Some(
                                31307,
                            ),
                            sum: Some(
                                572613,
                            ),
                            sumsquare: Some(
                                6070930167,
                            ),
                        },
                        Stat {
                            name: "req_qdepth",
                            units: "reqs",
                            samples: 7306,
                            min: Some(
                                0,
                            ),
                            max: Some(
                                0,
                            ),
                            sum: Some(
                                0,
                            ),
                            sumsquare: Some(
                                0,
                            ),
                        },
                        Stat {
                            name: "req_active",
                            units: "reqs",
                            samples: 7306,
                            min: Some(
                                1,
                            ),
                            max: Some(
                                2,
                            ),
                            sum: Some(
                                7307,
                            ),
                            sumsquare: Some(
                                7309,
                            ),
                        },
                        Stat {
                            name: "req_timeout",
                            units: "secs",
                            samples: 7306,
                            min: Some(
                                1,
                            ),
                            max: Some(
                                10,
                            ),
                            sum: Some(
                                8146,
                            ),
                            sumsquare: Some(
                                12100,
                            ),
                        },
                        Stat {
                            name: "reqbuf_avail",
                            units: "bufs",
                            samples: 20590,
                            min: Some(
                                63,
                            ),
                            max: Some(
                                64,
                            ),
                            sum: Some(
                                1317624,
                            ),
                            sumsquare: Some(
                                84319368,
                            ),
                        },
                        Stat {
                            name: "mds_connect",
                            units: "usecs",
                            samples: 10,
                            min: Some(
                                11,
                            ),
                            max: Some(
                                7319,
                            ),
                            sum: Some(
                                7685,
                            ),
                            sumsquare: Some(
                                53586307,
                            ),
                        },
                        Stat {
                            name: "mds_statfs",
                            units: "usecs",
                            samples: 7284,
                            min: Some(
                                4,
                            ),
                            max: Some(
                                66,
                            ),
                            sum: Some(
                                180765,
                            ),
                            sumsquare: Some(
                                5025495,
                            ),
                        },
                        Stat {
                            name: "obd_ping",
                            units: "usecs",
                            samples: 3,
                            min: Some(
                                10,
                            ),
                            max: Some(
                                14,
                            ),
                            sum: Some(
                                37,
                            ),
                            sumsquare: Some(
                                465,
                            ),
                        },
                        Stat {
                            name: "out_update",
                            units: "usecs",
                            samples: 9,
                            min: Some(
                                9,
                            ),
                            max: Some(
                                103,
                            ),
                            sum: Some(
                                382,
                            ),
                            sumsquare: Some(
                                25354,
                            ),
                        },
                    ],
                },
            ),
        ),
        Target(
            Oss(
                OssStat {
                    param: Param(
                        "ost_seq",
                    ),
                    stats: [
                        Stat {
                            name: "req_waittime",
                            units: "usecs",
                            samples: 26,
                            min: Some(
                                20,
                            ),
                            max: Some(
                                4013,
                            ),
                            sum: Some(
                                7178,
                            ),
                            sumsquare: Some(
                                21315024,
                            ),
                        },
                        Stat {
                            name: "req_qdepth",
                            units: "reqs",
                            samples: 26,
                            min: Some(
                                0,
                            ),
                            max: Some(
                                0,
                            ),
                            sum: Some(
                                0,
                            ),
                            sumsquare: Some(
                                0,
                            ),
                        },
                        Stat {
                            name: "req_active",
                            units: "reqs",
                            samples: 26,
                            min: Some(
                                1,
                            ),
                            max: Some(
                                2,
                            ),
                            sum: Some(
                                30,
                            ),
                            sumsquare: Some(
                                38,
                            ),
                        },
                        Stat {
                            name: "req_timeout",
                            units: "secs",
                            samples: 26,
                            min: Some(
                                1,
                            ),
                            max: Some(
                                10,
                            ),
                            sum: Some(
                                71,
                            ),
                            sumsquare: Some(
                                521,
                            ),
                        },
                        Stat {
                            name: "reqbuf_avail",
                            units: "bufs",
                            samples: 65,
                            min: Some(
                                64,
                            ),
                            max: Some(
                                64,
                            ),
                            sum: Some(
                                4160,
                            ),
                            sumsquare: Some(
                                266240,
                            ),
                        },
                        Stat {
                            name: "seq_query",
                            units: "usecs",
                            samples: 26,
                            min: Some(
                                9,
                            ),
                            max: Some(
                                4057,
                            ),
                            sum: Some(
                                16420,
                            ),
                            sumsquare: Some(
                                57794128,
                            ),
                        },
                    ],
                },
            ),
        ),
        Target(
            JobStatsMdt(
                TargetStat {
                    kind: Mdt,
                    param: Param(
                        "job_stats",
                    ),
                    target: Target(
                        "testfs-MDT0000",
                    ),
                    value: Some(
                        [
                            JobStatMdt {
                                job_id: "dd.0",
                                snapshot_time: "1701093009",
                                start_time: None,
                                elapsed_time: None,
                                open: BytesStat {
                                    samples: "1",
                                    unit: "usecs",
                                    min: "185",
                                    max: "185",
                                    sum: "185",
                                },
                                close: BytesStat {
                                    samples: "1",
                                    unit: "usecs",
                                    min: "51",
                                    max: "51",
                                    sum: "51",
                                },
                                mknod: BytesStat {
                                    samples: "1",
                                    unit: "usecs",
                                    min: "170",
                                    max: "170",
                                    sum: "170",
                                },
                                link: BytesStat {
                                    samples: "0",
                                    unit: "usecs",
                                    min: "0",
                                    max: "0",
                                    sum: "0",
                                },
                                unlink: BytesStat {
                                    samples: "0",
                                    unit: "usecs",
                                    min: "0",
                                    max: "0",
                                    sum: "0",
                                },
                                mkdir: BytesStat {
                                    samples: "0",
                                    unit: "usecs",
                                    min: "0",
                                    max: "0",
                                    sum: "0",
                                },
                                rmdir: BytesStat {
                                    samples: "0",
                                    unit: "usecs",
                                    min: "0",
                                    max: "0",
                                    sum: "0",
                                },
                                rename: BytesStat {
                                    samples: "0",
                                    unit: "usecs",
                                    min: "0",
                                    max: "0",
                                    sum: "0",
                                },
                                getattr: BytesStat {
                                    samples: "0",
                                    unit: "usecs",
                                    min: "0",
                                    max: "0",
                                    sum: "0",
                                },
                                setattr: BytesStat {
                                    samples: "0",
                                    unit: "usecs",
                                    min: "0",
                                    max: "0",
                                    sum: "0",
                                },
                                getxattr: BytesStat {
                                    samples: "0",
                                    unit: "usecs",
                                    min: "0",
                                    max: "0",
                                    sum: "0",
                                },
                                setxattr: BytesStat {
                                    samples: "0",
                                    unit: "usecs",
                                    min: "0",
                                    max: "0",
                                    sum: "0",
                                },
                                statfs: BytesStat {
                                    samples: "0",
                                    unit: "usecs",
                                    min: "0",
                                    max: "0",
                                    sum: "0",
                                },
                                sync: BytesStat {
                                    samples: "0",
                                    unit: "usecs",
                                    min: "0",
                                    max: "0",
                                    sum: "0",
                                },
                                samedir_rename: BytesStat {
                                    samples: "0",
                                    unit: "usecs",
                                    min: "0",
                                    max: "0",
                                    sum: "0",
                                },
                                crossdir_rename: BytesStat {
                                    samples: "0",
                                    unit: "usecs",
                                    min: "0",
                                    max: "0",
                                    sum: "0",
                                },
                                read_bytes: BytesStat {
                                    samples: "0",
                                    unit: "bytes",
                                    min: "0",
                                    max: "0",
                                    sum: "0",
                                },
                                write_bytes: BytesStat {
                                    samples: "0",
                                    unit: "bytes",
                                    min: "0",
                                    max: "0",
                                    sum: "0",
                                },
                                punch: BytesStat {
                                    samples: "0",
                                    unit: "usecs",
                                    min: "0",
                                    max: "0",
                                    sum: "0",
                                },
                                parallel_rename_dir: Some(
                                    BytesStat {
                                        samples: "0",
                                        unit: "usecs",
                                        min: "0",
                                        max: "0",
                                        sum: "0",
                                    },
                                ),
                                parallel_rename_file: Some(
                                    BytesStat {
                                        samples: "0",
                                        unit: "usecs",
                                        min: "0",
                                        max: "0",
                                        sum: "0",
                                    },
                                ),
                            },
                        ],
                    ),
                },
            ),
        ),
        Target(
            Stats(
                TargetStat {
                    kind: Mdt,
                    param: Param(
                        "md_stats",
                    ),
                    target: Target(
                        "testfs-MDT0000",
                    ),
                    value: [
                        Stat {
                            name: "open",
                            units: "usecs",
                            samples: 4,
                            min: Some(
                                62,
                            ),
                            max: Some(
                                392,
                            ),
                            sum: Some(
                                794,
                            ),
                            sumsquare: Some(
                                215758,
                            ),
                        },
                        Stat {
                            name: "close",
                            units: "usecs",
                            samples: 5,
                            min: Some(
                                26,
                            ),
                            max: Some(
                                51,
                            ),
                            sum: Some(
                                175,
                            ),
                            sumsquare: Some(
                                6707,
                            ),
                        },
                        Stat {
                            name: "mknod",
                            units: "usecs",
                            samples: 3,
                            min: Some(
                                146,
                            ),
                            max: Some(
                                376,
                            ),
                            sum: Some(
                                692,
                            ),
                            sumsquare: Some(
                                191592,
                            ),
                        },
                        Stat {
                            name: "unlink",
                            units: "usecs",
                            samples: 2,
                            min: Some(
                                108,
                            ),
                            max: Some(
                                118,
                            ),
                            sum: Some(
                                226,
                            ),
                            sumsquare: Some(
                                25588,
                            ),
                        },
                        Stat {
                            name: "getattr",
                            units: "usecs",
                            samples: 9,
                            min: Some(
                                6,
                            ),
                            max: Some(
                                23,
                            ),
                            sum: Some(
                                142,
                            ),
                            sumsquare: Some(
                                2390,
                            ),
                        },
                        Stat {
                            name: "setattr",
                            units: "usecs",
                            samples: 2,
                            min: Some(
                                41,
                            ),
                            max: Some(
                                64,
                            ),
                            sum: Some(
                                105,
                            ),
                            sumsquare: Some(
                                5777,
                            ),
                        },
                        Stat {
                            name: "getxattr",
                            units: "usecs",
                            samples: 1,
                            min: Some(
                                16,
                            ),
                            max: Some(
                                16,
                            ),
                            sum: Some(
                                16,
                            ),
                            sumsquare: Some(
                                256,
                            ),
                        },
                        Stat {
                            name: "statfs",
                            units: "usecs",
                            samples: 7286,
                            min: Some(
                                0,
                            ),
                            max: Some(
                                33,
                            ),
                            sum: Some(
                                44145,
                            ),
                            sumsquare: Some(
                                370781,
                            ),
                        },
                    ],
                },
            ),
        ),
        Target(
            NumExports(
                TargetStat {
                    kind: Mdt,
                    param: Param(
                        "num_exports",
                    ),
                    target: Target(
                        "testfs-MDT0000",
                    ),
                    value: 16,
                },
            ),
        ),
        Target(
            ContendedLocks(
                TargetStat {
                    kind: Mdt,
                    param: Param(
                        "contended_locks",
                    ),
                    target: Target(
                        "testfs-MDT0000",
                    ),
                    value: 32,
                },
            ),
        ),
        Target(
            ContendedLocks(
                TargetStat {
                    kind: Ost,
                    param: Param(
                        "contended_locks",
                    ),
                    target: Target(
                        "testfs-OST0000",
                    ),
                    value: 32,
                },
            ),
        ),
        Target(
            ContendedLocks(
                TargetStat {
                    kind: Ost,
                    param: Param(
                        "contended_locks",
                    ),
                    target: Target(
                        "testfs-OST0001",
                    ),
                    value: 32,
                },
            ),
        ),
        Target(
            ContentionSeconds(
                TargetStat {
                    kind: Mdt,
                    param: Param(
                        "contention_seconds",
                    ),
                    target: Target(
                        "testfs-MDT0000",
                    ),
                    value: 2,
                },
            ),
        ),
        Target(
            ContentionSeconds(
                TargetStat {
                    kind: Ost,
                    param: Param(
                        "contention_seconds",
                    ),
                    target: Target(
                        "testfs-OST0000",
                    ),
                    value: 2,
                },
            ),
        ),
        Target(
            ContentionSeconds(
                TargetStat {
                    kind: Ost,
                    param: Param(
                        "contention_seconds",
                    ),
                    target: Target(
                        "testfs-OST0001",
                    ),
                    value: 2,
                },
            ),
        ),
        Target(
            CtimeAgeLimit(
                TargetStat {
                    kind: Mdt,
                    param: Param(
                        "ctime_age_limit",
                    ),
                    target: Target(
                        "testfs-MDT0000",
                    ),
                    value: 10,
                },
            ),
        ),
        Target(
            CtimeAgeLimit(
                TargetStat {
                    kind: Ost,
                    param: Param(
                        "ctime_age_limit",
                    ),
                    target: Target(
                        "testfs-OST0000",
                    ),
                    value: 10,
                },
            ),
        ),
        Target(
            CtimeAgeLimit(
                TargetStat {
                    kind: Ost,
                    param: Param(
                        "ctime_age_limit",
                    ),
                    target: Target(
                        "testfs-OST0001",
                    ),
                    value: 10,
                },
            ),
        ),
        Target(
            EarlyLockCancel(
                TargetStat {
                    kind: Mdt,
                    param: Param(
                        "early_lock_cancel",
                    ),
                    target: Target(
                        "testfs-MDT0000",
                    ),
                    value: 0,
                },
            ),
        ),
        Target(
            EarlyLockCancel(
                TargetStat {
                    kind: Ost,
                    param: Param(
                        "early_lock_cancel",
                    ),
                    target: Target(
                        "testfs-OST0000",
                    ),
                    value: 0,
                },
            ),
        ),
        Target(
            EarlyLockCancel(
                TargetStat {
                    kind: Ost,
                    param: Param(
                        "early_lock_cancel",
                    ),
                    target: Target(
                        "testfs-OST0001",
                    ),
                    value: 0,
                },
            ),
        ),
        Target(
            LockCount(
                TargetStat {
                    kind: Mdt,
                    param: Param(
                        "lock_count",
                    ),
                    target: Target(
                        "testfs-MDT0000",
                    ),
                    value: 1,
                },
            ),
        ),
        Target(
            LockCount(
                TargetStat {
                    kind: Ost,
                    param: Param(
                        "lock_count",
                    ),
                    target: Target(
                        "testfs-OST0000",
                    ),
                    value: 0,
                },
            ),
        ),
        Target(
            LockCount(
                TargetStat {
                    kind: Ost,
                    param: Param(
                        "lock_count",
                    ),
                    target: Target(
                        "testfs-OST0001",
                    ),
                    value: 0,
                },
            ),
        ),
        Target(
            LockTimeouts(
                TargetStat {
                    kind: Mdt,
                    param: Param(
                        "lock_timeouts",
                    ),
                    target: Target(
                        "testfs-MDT0000",
                    ),
                    value: 0,
                },
            ),
        ),
        Target(
            LockTimeouts(
                TargetStat {
                    kind: Ost,
                    param: Param(
                        "lock_timeouts",
                    ),
                    target: Target(
                        "testfs-OST0000",
                    ),
                    value: 0,
                },
            ),
        ),
        Target(
            LockTimeouts(
                TargetStat {
                    kind: Ost,
                    param: Param(
                        "lock_timeouts",
                    ),
                    target: Target(
                        "testfs-OST0001",
                    ),
                    value: 0,
                },
            ),
        ),
        Target(
            LockUnusedCount(
                TargetStat {
                    kind: Mdt,
                    param: Param(
                        "lock_unused_count",
                    ),
                    target: Target(
                        "testfs-MDT0000",
                    ),
                    value: 0,
                },
            ),
        ),
        Target(
            LockUnusedCount(
                TargetStat {
                    kind: Ost,
                    param: Param(
                        "lock_unused_count",
                    ),
                    target: Target(
                        "testfs-OST0000",
                    ),
                    value: 0,
                },
            ),
        ),
        Target(
            LockUnusedCount(
                TargetStat {
                    kind: Ost,
                    param: Param(
                        "lock_unused_count",
                    ),
                    target: Target(
                        "testfs-OST0001",
                    ),
                    value: 0,
                },
            ),
        ),
        Target(
            LruMaxAge(
                TargetStat {
                    kind: Mdt,
                    param: Param(
                        "lru_max_age",
                    ),
                    target: Target(
                        "testfs-MDT0000",
                    ),
                    value: 3900000,
                },
            ),
        ),
        Target(
            LruMaxAge(
                TargetStat {
                    kind: Ost,
                    param: Param(
                        "lru_max_age",
                    ),
                    target: Target(
                        "testfs-OST0000",
                    ),
                    value: 3900000,
                },
            ),
        ),
        Target(
            LruMaxAge(
                TargetStat {
                    kind: Ost,
                    param: Param(
                        "lru_max_age",
                    ),
                    target: Target(
                        "testfs-OST0001",
                    ),
                    value: 3900000,
                },
            ),
        ),
        Target(
            LruSize(
                TargetStat {
                    kind: Mdt,
                    param: Param(
                        "lru_size",
                    ),
                    target: Target(
                        "testfs-MDT0000",
                    ),
                    value: 2400,
                },
            ),
        ),
        Target(
            LruSize(
                TargetStat {
                    kind: Ost,
                    param: Param(
                        "lru_size",
                    ),
                    target: Target(
                        "testfs-OST0000",
                    ),
                    value: 2400,
                },
            ),
        ),
        Target(
            LruSize(
                TargetStat {
                    kind: Ost,
                    param: Param(
                        "lru_size",
                    ),
                    target: Target(
                        "testfs-OST0001",
                    ),
                    value: 2400,
                },
            ),
        ),
        Target(
            MaxNolockBytes(
                TargetStat {
                    kind: Mdt,
                    param: Param(
                        "max_nolock_bytes",
                    ),
                    target: Target(
                        "testfs-MDT0000",
                    ),
                    value: 0,
                },
            ),
        ),
        Target(
            MaxNolockBytes(
                TargetStat {
                    kind: Ost,
                    param: Param(
                        "max_nolock_bytes",
                    ),
                    target: Target(
                        "testfs-OST0000",
                    ),
                    value: 0,
                },
            ),
        ),
        Target(
            MaxNolockBytes(
                TargetStat {
                    kind: Ost,
                    param: Param(
                        "max_nolock_bytes",
                    ),
                    target: Target(
                        "testfs-OST0001",
                    ),
                    value: 0,
                },
            ),
        ),
        Target(
            MaxParallelAst(
                TargetStat {
                    kind: Mdt,
                    param: Param(
                        "max_parallel_ast",
                    ),
                    target: Target(
                        "testfs-MDT0000",
                    ),
                    value: 1024,
                },
            ),
        ),
        Target(
            MaxParallelAst(
                TargetStat {
                    kind: Ost,
                    param: Param(
                        "max_parallel_ast",
                    ),
                    target: Target(
                        "testfs-OST0000",
                    ),
                    value: 1024,
                },
            ),
        ),
        Target(
            MaxParallelAst(
                TargetStat {
                    kind: Ost,
                    param: Param(
                        "max_parallel_ast",
                    ),
                    target: Target(
                        "testfs-OST0001",
                    ),
                    value: 1024,
                },
            ),
        ),
        Target(
            ResourceCount(
                TargetStat {
                    kind: Mdt,
                    param: Param(
                        "resource_count",
                    ),
                    target: Target(
                        "testfs-MDT0000",
                    ),
                    value: 1,
                },
            ),
        ),
        Target(
            ResourceCount(
                TargetStat {
                    kind: Ost,
                    param: Param(
                        "resource_count",
                    ),
                    target: Target(
                        "testfs-OST0000",
                    ),
                    value: 0,
                },
            ),
        ),
        Target(
            ResourceCount(
                TargetStat {
                    kind: Ost,
                    param: Param(
                        "resource_count",
                    ),
                    target: Target(
                        "testfs-OST0001",
                    ),
                    value: 0,
                },
            ),
        ),
        LustreService(
            LdlmCanceld(
                [
                    Stat {
                        name: "req_waittime",
                        units: "usecs",
                        samples: 5,
                        min: Some(
                            23,
                        ),
                        max: Some(
                            35,
                        ),
                        sum: Some(
                            138,
                        ),
                        sumsquare: Some(
                            3890,
                        ),
                    },
                    Stat {
                        name: "req_qdepth",
                        units: "reqs",
                        samples: 5,
                        min: Some(
                            0,
                        ),
                        max: Some(
                            0,
                        ),
                        sum: Some(
                            0,
                        ),
                        sumsquare: Some(
                            0,
                        ),
                    },
                    Stat {
                        name: "req_active",
                        units: "reqs",
                        samples: 5,
                        min: Some(
                            1,
                        ),
                        max: Some(
                            1,
                        ),
                        sum: Some(
                            5,
                        ),
                        sumsquare: Some(
                            5,
                        ),
                    },
                    Stat {
                        name: "req_timeout",
                        units: "secs",
                        samples: 5,
                        min: Some(
                            1,
                        ),
                        max: Some(
                            10,
                        ),
                        sum: Some(
                            32,
                        ),
                        sumsquare: Some(
                            302,
                        ),
                    },
                    Stat {
                        name: "reqbuf_avail",
                        units: "bufs",
                        samples: 14,
                        min: Some(
                            64,
                        ),
                        max: Some(
                            64,
                        ),
                        sum: Some(
                            896,
                        ),
                        sumsquare: Some(
                            57344,
                        ),
                    },
                    Stat {
                        name: "ldlm_cancel",
                        units: "usecs",
                        samples: 5,
                        min: Some(
                            11,
                        ),
                        max: Some(
                            45,
                        ),
                        sum: Some(
                            118,
                        ),
                        sumsquare: Some(
                            3480,
                        ),
                    },
                ],
            ),
        ),
        LustreService(
            LdlmCbd(
                [
                    Stat {
                        name: "req_waittime",
                        units: "usecs",
                        samples: 3,
                        min: Some(
                            34,
                        ),
                        max: Some(
                            42,
                        ),
                        sum: Some(
                            117,
                        ),
                        sumsquare: Some(
                            4601,
                        ),
                    },
                    Stat {
                        name: "req_qdepth",
                        units: "reqs",
                        samples: 3,
                        min: Some(
                            0,
                        ),
                        max: Some(
                            0,
                        ),
                        sum: Some(
                            0,
                        ),
                        sumsquare: Some(
                            0,
                        ),
                    },
                    Stat {
                        name: "req_active",
                        units: "reqs",
                        samples: 3,
                        min: Some(
                            1,
                        ),
                        max: Some(
                            1,
                        ),
                        sum: Some(
                            3,
                        ),
                        sumsquare: Some(
                            3,
                        ),
                    },
                    Stat {
                        name: "req_timeout",
                        units: "secs",
                        samples: 3,
                        min: Some(
                            1,
                        ),
                        max: Some(
                            10,
                        ),
                        sum: Some(
                            12,
                        ),
                        sumsquare: Some(
                            102,
                        ),
                    },
                    Stat {
                        name: "reqbuf_avail",
                        units: "bufs",
                        samples: 9,
                        min: Some(
                            1,
                        ),
                        max: Some(
                            1,
                        ),
                        sum: Some(
                            9,
                        ),
                        sumsquare: Some(
                            9,
                        ),
                    },
                    Stat {
                        name: "ldlm_bl_callback",
                        units: "usecs",
                        samples: 3,
                        min: Some(
                            17,
                        ),
                        max: Some(
                            25,
                        ),
                        sum: Some(
                            61,
                        ),
                        sumsquare: Some(
                            1275,
                        ),
                    },
                ],
            ),
        ),
    ],
    "",
)
