---
source: src/node_stats_parsers.rs
expression: parse_meminfo().easy_parse(PROC_MEMINFO)
---
Ok(
    (
        [
            Node(
                MemTotal(
                    NodeStat {
                        param: Param(
                            "mem_total",
                        ),
                        value: 5943788,
                    },
                ),
            ),
            Node(
                MemFree(
                    NodeStat {
                        param: Param(
                            "mem_free",
                        ),
                        value: 4420248,
                    },
                ),
            ),
            Node(
                SwapTotal(
                    NodeStat {
                        param: Param(
                            "swap_total",
                        ),
                        value: 2097148,
                    },
                ),
            ),
            Node(
                SwapFree(
                    NodeStat {
                        param: Param(
                            "swap_free",
                        ),
                        value: 2097148,
                    },
                ),
            ),
        ],
        "",
    ),
)
