---
source: src/parser.rs
expression: result
---
(
    [
        Host(
            Memused(
                HostStat {
                    param: Param(
                        "memused",
                    ),
                    value: 5969573401,
                },
            ),
        ),
        Host(
            MemusedMax(
                HostStat {
                    param: Param(
                        "memused_max",
                    ),
                    value: 7511503233,
                },
            ),
        ),
        Host(
            LNetMemUsed(
                HostStat {
                    param: Param(
                        "lnet_memused",
                    ),
                    value: 159290577,
                },
            ),
        ),
        Host(
            HealthCheck(
                HostStat {
                    param: Param(
                        "health_check",
                    ),
                    value: HealthCheckStat {
                        healthy: false,
                        targets: [
                            Target(
                                "lustre-OST0012",
                            ),
                            Target(
                                "lustre-OST0014",
                            ),
                            Target(
                                "lustre-OST0016",
                            ),
                        ],
                    },
                },
            ),
        ),
        Target(
            ConnectedClients(
                TargetStat {
                    kind: Mdt,
                    param: Param(
                        "connected_clients",
                    ),
                    target: Target(
                        "ai400-MDT0000",
                    ),
                    value: 4,
                },
            ),
        ),
        Target(
            FilesFree(
                TargetStat {
                    kind: Mdt,
                    param: Param(
                        "filesfree",
                    ),
                    target: Target(
                        "ai400-MDT0000",
                    ),
                    value: 85908200,
                },
            ),
        ),
        Target(
            FilesFree(
                TargetStat {
                    kind: Ost,
                    param: Param(
                        "filesfree",
                    ),
                    target: Target(
                        "ai400-OST0000",
                    ),
                    value: 31456558,
                },
            ),
        ),
        Target(
            FilesFree(
                TargetStat {
                    kind: Ost,
                    param: Param(
                        "filesfree",
                    ),
                    target: Target(
                        "ai400-OST0001",
                    ),
                    value: 31456558,
                },
            ),
        ),
        Target(
            FilesTotal(
                TargetStat {
                    kind: Mdt,
                    param: Param(
                        "filestotal",
                    ),
                    target: Target(
                        "ai400-MDT0000",
                    ),
                    value: 85908496,
                },
            ),
        ),
        Target(
            FilesTotal(
                TargetStat {
                    kind: Ost,
                    param: Param(
                        "filestotal",
                    ),
                    target: Target(
                        "ai400-OST0000",
                    ),
                    value: 31457280,
                },
            ),
        ),
        Target(
            FilesTotal(
                TargetStat {
                    kind: Ost,
                    param: Param(
                        "filestotal",
                    ),
                    target: Target(
                        "ai400-OST0001",
                    ),
                    value: 31457280,
                },
            ),
        ),
        Target(
            FsType(
                TargetStat {
                    kind: Mdt,
                    param: Param(
                        "fstype",
                    ),
                    target: Target(
                        "ai400-MDT0000",
                    ),
                    value: "ldiskfs",
                },
            ),
        ),
        Target(
            FsType(
                TargetStat {
                    kind: Ost,
                    param: Param(
                        "fstype",
                    ),
                    target: Target(
                        "ai400-OST0000",
                    ),
                    value: "ldiskfs",
                },
            ),
        ),
        Target(
            FsType(
                TargetStat {
                    kind: Ost,
                    param: Param(
                        "fstype",
                    ),
                    target: Target(
                        "ai400-OST0001",
                    ),
                    value: "ldiskfs",
                },
            ),
        ),
        Target(
            KBytesAvail(
                TargetStat {
                    kind: Mdt,
                    param: Param(
                        "kbytesavail",
                    ),
                    target: Target(
                        "ai400-MDT0000",
                    ),
                    value: 108469468,
                },
            ),
        ),
        Target(
            KBytesAvail(
                TargetStat {
                    kind: Ost,
                    param: Param(
                        "kbytesavail",
                    ),
                    target: Target(
                        "ai400-OST0000",
                    ),
                    value: 3835411664,
                },
            ),
        ),
        Target(
            KBytesAvail(
                TargetStat {
                    kind: Ost,
                    param: Param(
                        "kbytesavail",
                    ),
                    target: Target(
                        "ai400-OST0001",
                    ),
                    value: 3937811756,
                },
            ),
        ),
        Target(
            KBytesFree(
                TargetStat {
                    kind: Mdt,
                    param: Param(
                        "kbytesfree",
                    ),
                    target: Target(
                        "ai400-MDT0000",
                    ),
                    value: 110616588,
                },
            ),
        ),
        Target(
            KBytesFree(
                TargetStat {
                    kind: Ost,
                    param: Param(
                        "kbytesfree",
                    ),
                    target: Target(
                        "ai400-OST0000",
                    ),
                    value: 3875693364,
                },
            ),
        ),
        Target(
            KBytesFree(
                TargetStat {
                    kind: Ost,
                    param: Param(
                        "kbytesfree",
                    ),
                    target: Target(
                        "ai400-OST0001",
                    ),
                    value: 3978093456,
                },
            ),
        ),
        Target(
            KBytesTotal(
                TargetStat {
                    kind: Mdt,
                    param: Param(
                        "kbytestotal",
                    ),
                    target: Target(
                        "ai400-MDT0000",
                    ),
                    value: 110635320,
                },
            ),
        ),
        Target(
            KBytesTotal(
                TargetStat {
                    kind: Ost,
                    param: Param(
                        "kbytestotal",
                    ),
                    target: Target(
                        "ai400-OST0000",
                    ),
                    value: 3978095168,
                },
            ),
        ),
        Target(
            KBytesTotal(
                TargetStat {
                    kind: Ost,
                    param: Param(
                        "kbytestotal",
                    ),
                    target: Target(
                        "ai400-OST0001",
                    ),
                    value: 3978095168,
                },
            ),
        ),
        Target(
            BrwStats(
                TargetStat {
                    kind: Mdt,
                    param: Param(
                        "brw_stats",
                    ),
                    target: Target(
                        "ai400-MDT0000",
                    ),
                    value: [
                        BrwStats {
                            name: "pages",
                            unit: "rpcs",
                            buckets: [],
                        },
                        BrwStats {
                            name: "discont_pages",
                            unit: "rpcs",
                            buckets: [],
                        },
                        BrwStats {
                            name: "discont_blocks",
                            unit: "rpcs",
                            buckets: [],
                        },
                        BrwStats {
                            name: "dio_frags",
                            unit: "ios",
                            buckets: [],
                        },
                        BrwStats {
                            name: "rpc_hist",
                            unit: "ios",
                            buckets: [],
                        },
                        BrwStats {
                            name: "io_time",
                            unit: "ios",
                            buckets: [],
                        },
                        BrwStats {
                            name: "disk_iosize",
                            unit: "ios",
                            buckets: [],
                        },
                    ],
                },
            ),
        ),
        Target(
            BrwStats(
                TargetStat {
                    kind: Ost,
                    param: Param(
                        "brw_stats",
                    ),
                    target: Target(
                        "ai400-OST0000",
                    ),
                    value: [
                        BrwStats {
                            name: "pages",
                            unit: "rpcs",
                            buckets: [
                                BrwStatsBucket {
                                    name: 32,
                                    read: 0,
                                    write: 1,
                                },
                                BrwStatsBucket {
                                    name: 64,
                                    read: 0,
                                    write: 0,
                                },
                                BrwStatsBucket {
                                    name: 128,
                                    read: 0,
                                    write: 0,
                                },
                                BrwStatsBucket {
                                    name: 256,
                                    read: 0,
                                    write: 0,
                                },
                                BrwStatsBucket {
                                    name: 512,
                                    read: 0,
                                    write: 0,
                                },
                                BrwStatsBucket {
                                    name: 1024,
                                    read: 0,
                                    write: 25000,
                                },
                            ],
                        },
                        BrwStats {
                            name: "discont_pages",
                            unit: "rpcs",
                            buckets: [
                                BrwStatsBucket {
                                    name: 0,
                                    read: 0,
                                    write: 24998,
                                },
                                BrwStatsBucket {
                                    name: 1,
                                    read: 0,
                                    write: 3,
                                },
                            ],
                        },
                        BrwStats {
                            name: "discont_blocks",
                            unit: "rpcs",
                            buckets: [
                                BrwStatsBucket {
                                    name: 0,
                                    read: 0,
                                    write: 24998,
                                },
                                BrwStatsBucket {
                                    name: 1,
                                    read: 0,
                                    write: 3,
                                },
                            ],
                        },
                        BrwStats {
                            name: "dio_frags",
                            unit: "ios",
                            buckets: [
                                BrwStatsBucket {
                                    name: 1,
                                    read: 0,
                                    write: 1,
                                },
                                BrwStatsBucket {
                                    name: 2,
                                    read: 0,
                                    write: 24997,
                                },
                                BrwStatsBucket {
                                    name: 3,
                                    read: 0,
                                    write: 3,
                                },
                            ],
                        },
                        BrwStats {
                            name: "rpc_hist",
                            unit: "ios",
                            buckets: [
                                BrwStatsBucket {
                                    name: 1,
                                    read: 0,
                                    write: 17751,
                                },
                                BrwStatsBucket {
                                    name: 2,
                                    read: 0,
                                    write: 17886,
                                },
                                BrwStatsBucket {
                                    name: 3,
                                    read: 0,
                                    write: 5335,
                                },
                                BrwStatsBucket {
                                    name: 4,
                                    read: 0,
                                    write: 5296,
                                },
                                BrwStatsBucket {
                                    name: 5,
                                    read: 0,
                                    write: 1722,
                                },
                                BrwStatsBucket {
                                    name: 6,
                                    read: 0,
                                    write: 1665,
                                },
                                BrwStatsBucket {
                                    name: 7,
                                    read: 0,
                                    write: 128,
                                },
                                BrwStatsBucket {
                                    name: 8,
                                    read: 0,
                                    write: 121,
                                },
                                BrwStatsBucket {
                                    name: 9,
                                    read: 0,
                                    write: 30,
                                },
                                BrwStatsBucket {
                                    name: 10,
                                    read: 0,
                                    write: 31,
                                },
                                BrwStatsBucket {
                                    name: 11,
                                    read: 0,
                                    write: 12,
                                },
                                BrwStatsBucket {
                                    name: 12,
                                    read: 0,
                                    write: 11,
                                },
                                BrwStatsBucket {
                                    name: 13,
                                    read: 0,
                                    write: 7,
                                },
                                BrwStatsBucket {
                                    name: 14,
                                    read: 0,
                                    write: 7,
                                },
                                BrwStatsBucket {
                                    name: 15,
                                    read: 0,
                                    write: 1,
                                },
                                BrwStatsBucket {
                                    name: 16,
                                    read: 0,
                                    write: 1,
                                },
                            ],
                        },
                        BrwStats {
                            name: "io_time",
                            unit: "ios",
                            buckets: [
                                BrwStatsBucket {
                                    name: 1,
                                    read: 0,
                                    write: 24902,
                                },
                                BrwStatsBucket {
                                    name: 2,
                                    read: 0,
                                    write: 50,
                                },
                                BrwStatsBucket {
                                    name: 4,
                                    read: 0,
                                    write: 35,
                                },
                                BrwStatsBucket {
                                    name: 8,
                                    read: 0,
                                    write: 12,
                                },
                                BrwStatsBucket {
                                    name: 16,
                                    read: 0,
                                    write: 2,
                                },
                            ],
                        },
                        BrwStats {
                            name: "disk_iosize",
                            unit: "ios",
                            buckets: [
                                BrwStatsBucket {
                                    name: 32768,
                                    read: 0,
                                    write: 1,
                                },
                                BrwStatsBucket {
                                    name: 65536,
                                    read: 0,
                                    write: 1,
                                },
                                BrwStatsBucket {
                                    name: 131072,
                                    read: 0,
                                    write: 2,
                                },
                                BrwStatsBucket {
                                    name: 262144,
                                    read: 0,
                                    write: 0,
                                },
                                BrwStatsBucket {
                                    name: 524288,
                                    read: 0,
                                    write: 0,
                                },
                                BrwStatsBucket {
                                    name: 1048576,
                                    read: 0,
                                    write: 0,
                                },
                                BrwStatsBucket {
                                    name: 2097152,
                                    read: 0,
                                    write: 50000,
                                },
                            ],
                        },
                    ],
                },
            ),
        ),
        Target(
            BrwStats(
                TargetStat {
                    kind: Ost,
                    param: Param(
                        "brw_stats",
                    ),
                    target: Target(
                        "ai400-OST0001",
                    ),
                    value: [
                        BrwStats {
                            name: "pages",
                            unit: "rpcs",
                            buckets: [],
                        },
                        BrwStats {
                            name: "discont_pages",
                            unit: "rpcs",
                            buckets: [],
                        },
                        BrwStats {
                            name: "discont_blocks",
                            unit: "rpcs",
                            buckets: [],
                        },
                        BrwStats {
                            name: "dio_frags",
                            unit: "ios",
                            buckets: [],
                        },
                        BrwStats {
                            name: "rpc_hist",
                            unit: "ios",
                            buckets: [],
                        },
                        BrwStats {
                            name: "io_time",
                            unit: "ios",
                            buckets: [],
                        },
                        BrwStats {
                            name: "disk_iosize",
                            unit: "ios",
                            buckets: [],
                        },
                    ],
                },
            ),
        ),
        Target(
            ConnectedClients(
                TargetStat {
                    kind: Mdt,
                    param: Param(
                        "connected_clients",
                    ),
                    target: Target(
                        "ai400-MDT0000",
                    ),
                    value: 4,
                },
            ),
        ),
        Target(
            JobStatsOst(
                TargetStat {
                    kind: Ost,
                    param: Param(
                        "job_stats",
                    ),
                    target: Target(
                        "ai400-OST0000",
                    ),
                    value: None,
                },
            ),
        ),
        Target(
            JobStatsOst(
                TargetStat {
                    kind: Ost,
                    param: Param(
                        "job_stats",
                    ),
                    target: Target(
                        "ai400-OST0001",
                    ),
                    value: None,
                },
            ),
        ),
        Target(
            Stats(
                TargetStat {
                    kind: Ost,
                    param: Param(
                        "stats",
                    ),
                    target: Target(
                        "ai400-OST0000",
                    ),
                    value: [
                        Stat {
                            name: "write_bytes",
                            units: "bytes",
                            samples: 25001,
                            min: Some(
                                98304,
                            ),
                            max: Some(
                                4194304,
                            ),
                            sum: Some(
                                104857600000,
                            ),
                            sumsquare: Some(
                                439803838556274688,
                            ),
                        },
                        Stat {
                            name: "write",
                            units: "usecs",
                            samples: 25001,
                            min: Some(
                                86,
                            ),
                            max: Some(
                                16684,
                            ),
                            sum: Some(
                                41700926,
                            ),
                            sumsquare: Some(
                                74443748896,
                            ),
                        },
                        Stat {
                            name: "create",
                            units: "usecs",
                            samples: 4,
                            min: Some(
                                2,
                            ),
                            max: Some(
                                3605,
                            ),
                            sum: Some(
                                7021,
                            ),
                            sumsquare: Some(
                                24637777,
                            ),
                        },
                        Stat {
                            name: "statfs",
                            units: "usecs",
                            samples: 59816,
                            min: Some(
                                0,
                            ),
                            max: Some(
                                129,
                            ),
                            sum: Some(
                                331784,
                            ),
                            sumsquare: Some(
                                2752546,
                            ),
                        },
                        Stat {
                            name: "get_info",
                            units: "usecs",
                            samples: 4,
                            min: Some(
                                346,
                            ),
                            max: Some(
                                495,
                            ),
                            sum: Some(
                                1739,
                            ),
                            sumsquare: Some(
                                771143,
                            ),
                        },
                    ],
                },
            ),
        ),
        Target(
            Stats(
                TargetStat {
                    kind: Ost,
                    param: Param(
                        "stats",
                    ),
                    target: Target(
                        "ai400-OST0001",
                    ),
                    value: [
                        Stat {
                            name: "create",
                            units: "usecs",
                            samples: 4,
                            min: Some(
                                1,
                            ),
                            max: Some(
                                3752,
                            ),
                            sum: Some(
                                7216,
                            ),
                            sumsquare: Some(
                                26056030,
                            ),
                        },
                        Stat {
                            name: "statfs",
                            units: "usecs",
                            samples: 59814,
                            min: Some(
                                0,
                            ),
                            max: Some(
                                121,
                            ),
                            sum: Some(
                                340956,
                            ),
                            sumsquare: Some(
                                2871998,
                            ),
                        },
                        Stat {
                            name: "get_info",
                            units: "usecs",
                            samples: 4,
                            min: Some(
                                353,
                            ),
                            max: Some(
                                745,
                            ),
                            sum: Some(
                                2114,
                            ),
                            sumsquare: Some(
                                1210554,
                            ),
                        },
                    ],
                },
            ),
        ),
        Target(
            NumExports(
                TargetStat {
                    kind: Ost,
                    param: Param(
                        "num_exports",
                    ),
                    target: Target(
                        "ai400-OST0000",
                    ),
                    value: 5,
                },
            ),
        ),
        Target(
            NumExports(
                TargetStat {
                    kind: Ost,
                    param: Param(
                        "num_exports",
                    ),
                    target: Target(
                        "ai400-OST0001",
                    ),
                    value: 4,
                },
            ),
        ),
        Target(
            TotDirty(
                TargetStat {
                    kind: Ost,
                    param: Param(
                        "tot_dirty",
                    ),
                    target: Target(
                        "ai400-OST0000",
                    ),
                    value: 25313280,
                },
            ),
        ),
        Target(
            TotDirty(
                TargetStat {
                    kind: Ost,
                    param: Param(
                        "tot_dirty",
                    ),
                    target: Target(
                        "ai400-OST0001",
                    ),
                    value: 0,
                },
            ),
        ),
        Target(
            TotGranted(
                TargetStat {
                    kind: Ost,
                    param: Param(
                        "tot_granted",
                    ),
                    target: Target(
                        "ai400-OST0000",
                    ),
                    value: 1887764159,
                },
            ),
        ),
        Target(
            TotGranted(
                TargetStat {
                    kind: Ost,
                    param: Param(
                        "tot_granted",
                    ),
                    target: Target(
                        "ai400-OST0001",
                    ),
                    value: 278208,
                },
            ),
        ),
        Target(
            TotPending(
                TargetStat {
                    kind: Ost,
                    param: Param(
                        "tot_pending",
                    ),
                    target: Target(
                        "ai400-OST0000",
                    ),
                    value: 0,
                },
            ),
        ),
        Target(
            TotPending(
                TargetStat {
                    kind: Ost,
                    param: Param(
                        "tot_pending",
                    ),
                    target: Target(
                        "ai400-OST0001",
                    ),
                    value: 0,
                },
            ),
        ),
        Target(
            Oss(
                OssStat {
                    param: Param(
                        "ost",
                    ),
                    stats: [
                        Stat {
                            name: "req_waittime",
                            units: "usec",
                            samples: 219,
                            min: Some(
                                11,
                            ),
                            max: Some(
                                753,
                            ),
                            sum: Some(
                                6162,
                            ),
                            sumsquare: Some(
                                771804,
                            ),
                        },
                        Stat {
                            name: "req_qdepth",
                            units: "reqs",
                            samples: 219,
                            min: Some(
                                0,
                            ),
                            max: Some(
                                0,
                            ),
                            sum: Some(
                                0,
                            ),
                            sumsquare: Some(
                                0,
                            ),
                        },
                        Stat {
                            name: "req_active",
                            units: "reqs",
                            samples: 219,
                            min: Some(
                                1,
                            ),
                            max: Some(
                                2,
                            ),
                            sum: Some(
                                230,
                            ),
                            sumsquare: Some(
                                252,
                            ),
                        },
                        Stat {
                            name: "req_timeout",
                            units: "sec",
                            samples: 219,
                            min: Some(
                                1,
                            ),
                            max: Some(
                                15,
                            ),
                            sum: Some(
                                2235,
                            ),
                            sumsquare: Some(
                                30585,
                            ),
                        },
                        Stat {
                            name: "reqbuf_avail",
                            units: "bufs",
                            samples: 501,
                            min: Some(
                                63,
                            ),
                            max: Some(
                                64,
                            ),
                            sum: Some(
                                32058,
                            ),
                            sumsquare: Some(
                                2051334,
                            ),
                        },
                        Stat {
                            name: "ldlm_glimpse_enqueue",
                            units: "reqs",
                            samples: 66,
                            min: Some(
                                1,
                            ),
                            max: Some(
                                1,
                            ),
                            sum: Some(
                                66,
                            ),
                            sumsquare: Some(
                                66,
                            ),
                        },
                        Stat {
                            name: "ldlm_extent_enqueue",
                            units: "reqs",
                            samples: 16,
                            min: Some(
                                1,
                            ),
                            max: Some(
                                1,
                            ),
                            sum: Some(
                                16,
                            ),
                            sumsquare: Some(
                                16,
                            ),
                        },
                        Stat {
                            name: "ost_create",
                            units: "usec",
                            samples: 32,
                            min: Some(
                                7,
                            ),
                            max: Some(
                                428,
                            ),
                            sum: Some(
                                4811,
                            ),
                            sumsquare: Some(
                                1322695,
                            ),
                        },
                        Stat {
                            name: "ost_get_info",
                            units: "usec",
                            samples: 16,
                            min: Some(
                                567,
                            ),
                            max: Some(
                                4781,
                            ),
                            sum: Some(
                                21444,
                            ),
                            sumsquare: Some(
                                58444726,
                            ),
                        },
                        Stat {
                            name: "ost_connect",
                            units: "usec",
                            samples: 58,
                            min: Some(
                                32,
                            ),
                            max: Some(
                                158,
                            ),
                            sum: Some(
                                3410,
                            ),
                            sumsquare: Some(
                                227824,
                            ),
                        },
                        Stat {
                            name: "ost_disconnect",
                            units: "usec",
                            samples: 2,
                            min: Some(
                                66,
                            ),
                            max: Some(
                                72,
                            ),
                            sum: Some(
                                138,
                            ),
                            sumsquare: Some(
                                9540,
                            ),
                        },
                        Stat {
                            name: "ost_sync",
                            units: "usec",
                            samples: 16,
                            min: Some(
                                240,
                            ),
                            max: Some(
                                3889,
                            ),
                            sum: Some(
                                29785,
                            ),
                            sumsquare: Some(
                                76167573,
                            ),
                        },
                        Stat {
                            name: "obd_ping",
                            units: "usec",
                            samples: 13,
                            min: Some(
                                7,
                            ),
                            max: Some(
                                28,
                            ),
                            sum: Some(
                                225,
                            ),
                            sumsquare: Some(
                                4327,
                            ),
                        },
                    ],
                },
            ),
        ),
        Target(
            Oss(
                OssStat {
                    param: Param(
                        "ost_create",
                    ),
                    stats: [
                        Stat {
                            name: "req_waittime",
                            units: "usec",
                            samples: 239924,
                            min: Some(
                                6,
                            ),
                            max: Some(
                                80519,
                            ),
                            sum: Some(
                                23284390,
                            ),
                            sumsquare: Some(
                                432682600300,
                            ),
                        },
                        Stat {
                            name: "req_qdepth",
                            units: "reqs",
                            samples: 239924,
                            min: Some(
                                0,
                            ),
                            max: Some(
                                1,
                            ),
                            sum: Some(
                                189,
                            ),
                            sumsquare: Some(
                                189,
                            ),
                        },
                        Stat {
                            name: "req_active",
                            units: "reqs",
                            samples: 239924,
                            min: Some(
                                1,
                            ),
                            max: Some(
                                3,
                            ),
                            sum: Some(
                                282653,
                            ),
                            sumsquare: Some(
                                368119,
                            ),
                        },
                        Stat {
                            name: "req_timeout",
                            units: "sec",
                            samples: 239924,
                            min: Some(
                                1,
                            ),
                            max: Some(
                                15,
                            ),
                            sum: Some(
                                3597962,
                            ),
                            sumsquare: Some(
                                53968262,
                            ),
                        },
                        Stat {
                            name: "reqbuf_avail",
                            units: "bufs",
                            samples: 500525,
                            min: Some(
                                63,
                            ),
                            max: Some(
                                64,
                            ),
                            sum: Some(
                                32023877,
                            ),
                            sumsquare: Some(
                                2048915579,
                            ),
                        },
                        Stat {
                            name: "ost_statfs",
                            units: "usec",
                            samples: 239924,
                            min: Some(
                                3,
                            ),
                            max: Some(
                                95307,
                            ),
                            sum: Some(
                                11187378,
                            ),
                            sumsquare: Some(
                                188117229936,
                            ),
                        },
                    ],
                },
            ),
        ),
        Target(
            Oss(
                OssStat {
                    param: Param(
                        "ost_io",
                    ),
                    stats: [
                        Stat {
                            name: "req_waittime",
                            units: "usec",
                            samples: 4690313,
                            min: Some(
                                4,
                            ),
                            max: Some(
                                20340,
                            ),
                            sum: Some(
                                100079668,
                            ),
                            sumsquare: Some(
                                6817957300,
                            ),
                        },
                        Stat {
                            name: "req_qdepth",
                            units: "reqs",
                            samples: 4690313,
                            min: Some(
                                0,
                            ),
                            max: Some(
                                7,
                            ),
                            sum: Some(
                                16886,
                            ),
                            sumsquare: Some(
                                22078,
                            ),
                        },
                        Stat {
                            name: "req_active",
                            units: "reqs",
                            samples: 4690313,
                            min: Some(
                                1,
                            ),
                            max: Some(
                                45,
                            ),
                            sum: Some(
                                30475809,
                            ),
                            sumsquare: Some(
                                333897005,
                            ),
                        },
                        Stat {
                            name: "req_timeout",
                            units: "sec",
                            samples: 4690313,
                            min: Some(
                                15,
                            ),
                            max: Some(
                                15,
                            ),
                            sum: Some(
                                70354695,
                            ),
                            sumsquare: Some(
                                1055320425,
                            ),
                        },
                        Stat {
                            name: "reqbuf_avail",
                            units: "bufs",
                            samples: 9577644,
                            min: Some(
                                63,
                            ),
                            max: Some(
                                64,
                            ),
                            sum: Some(
                                612800114,
                            ),
                            sumsquare: Some(
                                39208553870,
                            ),
                        },
                        Stat {
                            name: "ost_read",
                            units: "usec",
                            samples: 2442845,
                            min: Some(
                                234,
                            ),
                            max: Some(
                                49945,
                            ),
                            sum: Some(
                                5185766973,
                            ),
                            sumsquare: Some(
                                19501455670833,
                            ),
                        },
                        Stat {
                            name: "ost_write",
                            units: "usec",
                            samples: 2247452,
                            min: Some(
                                148,
                            ),
                            max: Some(
                                69989,
                            ),
                            sum: Some(
                                4660586823,
                            ),
                            sumsquare: Some(
                                21667999297975,
                            ),
                        },
                        Stat {
                            name: "ost_punch",
                            units: "usec",
                            samples: 16,
                            min: Some(
                                21,
                            ),
                            max: Some(
                                15664,
                            ),
                            sum: Some(
                                16406,
                            ),
                            sumsquare: Some(
                                245461540,
                            ),
                        },
                    ],
                },
            ),
        ),
        Target(
            Oss(
                OssStat {
                    param: Param(
                        "ost_out",
                    ),
                    stats: [
                        Stat {
                            name: "req_waittime",
                            units: "usec",
                            samples: 64517,
                            min: Some(
                                6,
                            ),
                            max: Some(
                                23811,
                            ),
                            sum: Some(
                                2666187,
                            ),
                            sumsquare: Some(
                                7395507999,
                            ),
                        },
                        Stat {
                            name: "req_qdepth",
                            units: "reqs",
                            samples: 64517,
                            min: Some(
                                0,
                            ),
                            max: Some(
                                0,
                            ),
                            sum: Some(
                                0,
                            ),
                            sumsquare: Some(
                                0,
                            ),
                        },
                        Stat {
                            name: "req_active",
                            units: "reqs",
                            samples: 64517,
                            min: Some(
                                1,
                            ),
                            max: Some(
                                2,
                            ),
                            sum: Some(
                                64520,
                            ),
                            sumsquare: Some(
                                64526,
                            ),
                        },
                        Stat {
                            name: "req_timeout",
                            units: "sec",
                            samples: 64517,
                            min: Some(
                                1,
                            ),
                            max: Some(
                                15,
                            ),
                            sum: Some(
                                966911,
                            ),
                            sumsquare: Some(
                                14499851,
                            ),
                        },
                        Stat {
                            name: "reqbuf_avail",
                            units: "bufs",
                            samples: 130687,
                            min: Some(
                                63,
                            ),
                            max: Some(
                                64,
                            ),
                            sum: Some(
                                8362749,
                            ),
                            sumsquare: Some(
                                535139139,
                            ),
                        },
                        Stat {
                            name: "mds_connect",
                            units: "usec",
                            samples: 44,
                            min: Some(
                                10,
                            ),
                            max: Some(
                                1774,
                            ),
                            sum: Some(
                                4146,
                            ),
                            sumsquare: Some(
                                3299378,
                            ),
                        },
                        Stat {
                            name: "mds_statfs",
                            units: "usec",
                            samples: 64446,
                            min: Some(
                                6,
                            ),
                            max: Some(
                                87,
                            ),
                            sum: Some(
                                1723266,
                            ),
                            sumsquare: Some(
                                50620388,
                            ),
                        },
                        Stat {
                            name: "obd_ping",
                            units: "usec",
                            samples: 4,
                            min: Some(
                                10,
                            ),
                            max: Some(
                                16,
                            ),
                            sum: Some(
                                50,
                            ),
                            sumsquare: Some(
                                644,
                            ),
                        },
                        Stat {
                            name: "out_update",
                            units: "usec",
                            samples: 23,
                            min: Some(
                                7,
                            ),
                            max: Some(
                                118,
                            ),
                            sum: Some(
                                879,
                            ),
                            sumsquare: Some(
                                59435,
                            ),
                        },
                    ],
                },
            ),
        ),
        Target(
            Oss(
                OssStat {
                    param: Param(
                        "ost_seq",
                    ),
                    stats: [
                        Stat {
                            name: "req_waittime",
                            units: "usec",
                            samples: 62,
                            min: Some(
                                14,
                            ),
                            max: Some(
                                584,
                            ),
                            sum: Some(
                                2631,
                            ),
                            sumsquare: Some(
                                425831,
                            ),
                        },
                        Stat {
                            name: "req_qdepth",
                            units: "reqs",
                            samples: 62,
                            min: Some(
                                0,
                            ),
                            max: Some(
                                0,
                            ),
                            sum: Some(
                                0,
                            ),
                            sumsquare: Some(
                                0,
                            ),
                        },
                        Stat {
                            name: "req_active",
                            units: "reqs",
                            samples: 62,
                            min: Some(
                                1,
                            ),
                            max: Some(
                                2,
                            ),
                            sum: Some(
                                69,
                            ),
                            sumsquare: Some(
                                83,
                            ),
                        },
                        Stat {
                            name: "req_timeout",
                            units: "sec",
                            samples: 62,
                            min: Some(
                                1,
                            ),
                            max: Some(
                                10,
                            ),
                            sum: Some(
                                125,
                            ),
                            sumsquare: Some(
                                755,
                            ),
                        },
                        Stat {
                            name: "reqbuf_avail",
                            units: "bufs",
                            samples: 146,
                            min: Some(
                                64,
                            ),
                            max: Some(
                                64,
                            ),
                            sum: Some(
                                9344,
                            ),
                            sumsquare: Some(
                                598016,
                            ),
                        },
                        Stat {
                            name: "seq_query",
                            units: "usec",
                            samples: 62,
                            min: Some(
                                3,
                            ),
                            max: Some(
                                4561,
                            ),
                            sum: Some(
                                28817,
                            ),
                            sumsquare: Some(
                                101266449,
                            ),
                        },
                    ],
                },
            ),
        ),
        Target(
            JobStatsMdt(
                TargetStat {
                    kind: Mdt,
                    param: Param(
                        "job_stats",
                    ),
                    target: Target(
                        "ai400-MDT0000",
                    ),
                    value: None,
                },
            ),
        ),
        Target(
            Stats(
                TargetStat {
                    kind: Mdt,
                    param: Param(
                        "md_stats",
                    ),
                    target: Target(
                        "ai400-MDT0000",
                    ),
                    value: [
                        Stat {
                            name: "open",
                            units: "usecs",
                            samples: 3,
                            min: Some(
                                686,
                            ),
                            max: Some(
                                16407,
                            ),
                            sum: Some(
                                18634,
                            ),
                            sumsquare: Some(
                                272034926,
                            ),
                        },
                        Stat {
                            name: "close",
                            units: "usecs",
                            samples: 3,
                            min: Some(
                                116,
                            ),
                            max: Some(
                                157,
                            ),
                            sum: Some(
                                399,
                            ),
                            sumsquare: Some(
                                53981,
                            ),
                        },
                        Stat {
                            name: "mknod",
                            units: "usecs",
                            samples: 3,
                            min: Some(
                                669,
                            ),
                            max: Some(
                                16392,
                            ),
                            sum: Some(
                                18582,
                            ),
                            sumsquare: Some(
                                271458666,
                            ),
                        },
                        Stat {
                            name: "getattr",
                            units: "usecs",
                            samples: 23,
                            min: Some(
                                2,
                            ),
                            max: Some(
                                192,
                            ),
                            sum: Some(
                                629,
                            ),
                            sumsquare: Some(
                                52487,
                            ),
                        },
                        Stat {
                            name: "getxattr",
                            units: "usecs",
                            samples: 2,
                            min: Some(
                                18,
                            ),
                            max: Some(
                                29,
                            ),
                            sum: Some(
                                47,
                            ),
                            sumsquare: Some(
                                1165,
                            ),
                        },
                        Stat {
                            name: "statfs",
                            units: "usecs",
                            samples: 44863,
                            min: Some(
                                0,
                            ),
                            max: Some(
                                43,
                            ),
                            sum: Some(
                                323074,
                            ),
                            sumsquare: Some(
                                3055172,
                            ),
                        },
                    ],
                },
            ),
        ),
        Target(
            NumExports(
                TargetStat {
                    kind: Mdt,
                    param: Param(
                        "num_exports",
                    ),
                    target: Target(
                        "ai400-MDT0000",
                    ),
                    value: 19,
                },
            ),
        ),
        Target(
            ContendedLocks(
                TargetStat {
                    kind: Mdt,
                    param: Param(
                        "contended_locks",
                    ),
                    target: Target(
                        "ai400-MDT0000",
                    ),
                    value: 32,
                },
            ),
        ),
        Target(
            ContendedLocks(
                TargetStat {
                    kind: Ost,
                    param: Param(
                        "contended_locks",
                    ),
                    target: Target(
                        "ai400-OST0000",
                    ),
                    value: 32,
                },
            ),
        ),
        Target(
            ContendedLocks(
                TargetStat {
                    kind: Ost,
                    param: Param(
                        "contended_locks",
                    ),
                    target: Target(
                        "ai400-OST0001",
                    ),
                    value: 32,
                },
            ),
        ),
        Target(
            ContentionSeconds(
                TargetStat {
                    kind: Mdt,
                    param: Param(
                        "contention_seconds",
                    ),
                    target: Target(
                        "ai400-MDT0000",
                    ),
                    value: 2,
                },
            ),
        ),
        Target(
            ContentionSeconds(
                TargetStat {
                    kind: Ost,
                    param: Param(
                        "contention_seconds",
                    ),
                    target: Target(
                        "ai400-OST0000",
                    ),
                    value: 2,
                },
            ),
        ),
        Target(
            ContentionSeconds(
                TargetStat {
                    kind: Ost,
                    param: Param(
                        "contention_seconds",
                    ),
                    target: Target(
                        "ai400-OST0001",
                    ),
                    value: 2,
                },
            ),
        ),
        Target(
            CtimeAgeLimit(
                TargetStat {
                    kind: Mdt,
                    param: Param(
                        "ctime_age_limit",
                    ),
                    target: Target(
                        "ai400-MDT0000",
                    ),
                    value: 10,
                },
            ),
        ),
        Target(
            CtimeAgeLimit(
                TargetStat {
                    kind: Ost,
                    param: Param(
                        "ctime_age_limit",
                    ),
                    target: Target(
                        "ai400-OST0000",
                    ),
                    value: 10,
                },
            ),
        ),
        Target(
            CtimeAgeLimit(
                TargetStat {
                    kind: Ost,
                    param: Param(
                        "ctime_age_limit",
                    ),
                    target: Target(
                        "ai400-OST0001",
                    ),
                    value: 10,
                },
            ),
        ),
        Target(
            EarlyLockCancel(
                TargetStat {
                    kind: Mdt,
                    param: Param(
                        "early_lock_cancel",
                    ),
                    target: Target(
                        "ai400-MDT0000",
                    ),
                    value: 0,
                },
            ),
        ),
        Target(
            EarlyLockCancel(
                TargetStat {
                    kind: Ost,
                    param: Param(
                        "early_lock_cancel",
                    ),
                    target: Target(
                        "ai400-OST0000",
                    ),
                    value: 0,
                },
            ),
        ),
        Target(
            EarlyLockCancel(
                TargetStat {
                    kind: Ost,
                    param: Param(
                        "early_lock_cancel",
                    ),
                    target: Target(
                        "ai400-OST0001",
                    ),
                    value: 0,
                },
            ),
        ),
        Target(
            LockCount(
                TargetStat {
                    kind: Mdt,
                    param: Param(
                        "lock_count",
                    ),
                    target: Target(
                        "ai400-MDT0000",
                    ),
                    value: 9,
                },
            ),
        ),
        Target(
            LockCount(
                TargetStat {
                    kind: Ost,
                    param: Param(
                        "lock_count",
                    ),
                    target: Target(
                        "ai400-OST0000",
                    ),
                    value: 1,
                },
            ),
        ),
        Target(
            LockCount(
                TargetStat {
                    kind: Ost,
                    param: Param(
                        "lock_count",
                    ),
                    target: Target(
                        "ai400-OST0001",
                    ),
                    value: 0,
                },
            ),
        ),
        Target(
            LockTimeouts(
                TargetStat {
                    kind: Mdt,
                    param: Param(
                        "lock_timeouts",
                    ),
                    target: Target(
                        "ai400-MDT0000",
                    ),
                    value: 0,
                },
            ),
        ),
        Target(
            LockTimeouts(
                TargetStat {
                    kind: Ost,
                    param: Param(
                        "lock_timeouts",
                    ),
                    target: Target(
                        "ai400-OST0000",
                    ),
                    value: 0,
                },
            ),
        ),
        Target(
            LockTimeouts(
                TargetStat {
                    kind: Ost,
                    param: Param(
                        "lock_timeouts",
                    ),
                    target: Target(
                        "ai400-OST0001",
                    ),
                    value: 0,
                },
            ),
        ),
        Target(
            LockUnusedCount(
                TargetStat {
                    kind: Mdt,
                    param: Param(
                        "lock_unused_count",
                    ),
                    target: Target(
                        "ai400-MDT0000",
                    ),
                    value: 0,
                },
            ),
        ),
        Target(
            LockUnusedCount(
                TargetStat {
                    kind: Ost,
                    param: Param(
                        "lock_unused_count",
                    ),
                    target: Target(
                        "ai400-OST0000",
                    ),
                    value: 0,
                },
            ),
        ),
        Target(
            LockUnusedCount(
                TargetStat {
                    kind: Ost,
                    param: Param(
                        "lock_unused_count",
                    ),
                    target: Target(
                        "ai400-OST0001",
                    ),
                    value: 0,
                },
            ),
        ),
        Target(
            LruMaxAge(
                TargetStat {
                    kind: Mdt,
                    param: Param(
                        "lru_max_age",
                    ),
                    target: Target(
                        "ai400-MDT0000",
                    ),
                    value: 3900000,
                },
            ),
        ),
        Target(
            LruMaxAge(
                TargetStat {
                    kind: Ost,
                    param: Param(
                        "lru_max_age",
                    ),
                    target: Target(
                        "ai400-OST0000",
                    ),
                    value: 3900000,
                },
            ),
        ),
        Target(
            LruMaxAge(
                TargetStat {
                    kind: Ost,
                    param: Param(
                        "lru_max_age",
                    ),
                    target: Target(
                        "ai400-OST0001",
                    ),
                    value: 3900000,
                },
            ),
        ),
        Target(
            LruSize(
                TargetStat {
                    kind: Mdt,
                    param: Param(
                        "lru_size",
                    ),
                    target: Target(
                        "ai400-MDT0000",
                    ),
                    value: 2000,
                },
            ),
        ),
        Target(
            LruSize(
                TargetStat {
                    kind: Ost,
                    param: Param(
                        "lru_size",
                    ),
                    target: Target(
                        "ai400-OST0000",
                    ),
                    value: 2000,
                },
            ),
        ),
        Target(
            LruSize(
                TargetStat {
                    kind: Ost,
                    param: Param(
                        "lru_size",
                    ),
                    target: Target(
                        "ai400-OST0001",
                    ),
                    value: 2000,
                },
            ),
        ),
        Target(
            MaxNolockBytes(
                TargetStat {
                    kind: Mdt,
                    param: Param(
                        "max_nolock_bytes",
                    ),
                    target: Target(
                        "ai400-MDT0000",
                    ),
                    value: 0,
                },
            ),
        ),
        Target(
            MaxNolockBytes(
                TargetStat {
                    kind: Ost,
                    param: Param(
                        "max_nolock_bytes",
                    ),
                    target: Target(
                        "ai400-OST0000",
                    ),
                    value: 0,
                },
            ),
        ),
        Target(
            MaxNolockBytes(
                TargetStat {
                    kind: Ost,
                    param: Param(
                        "max_nolock_bytes",
                    ),
                    target: Target(
                        "ai400-OST0001",
                    ),
                    value: 0,
                },
            ),
        ),
        Target(
            MaxParallelAst(
                TargetStat {
                    kind: Mdt,
                    param: Param(
                        "max_parallel_ast",
                    ),
                    target: Target(
                        "ai400-MDT0000",
                    ),
                    value: 1024,
                },
            ),
        ),
        Target(
            MaxParallelAst(
                TargetStat {
                    kind: Ost,
                    param: Param(
                        "max_parallel_ast",
                    ),
                    target: Target(
                        "ai400-OST0000",
                    ),
                    value: 1024,
                },
            ),
        ),
        Target(
            MaxParallelAst(
                TargetStat {
                    kind: Ost,
                    param: Param(
                        "max_parallel_ast",
                    ),
                    target: Target(
                        "ai400-OST0001",
                    ),
                    value: 1024,
                },
            ),
        ),
        Target(
            ResourceCount(
                TargetStat {
                    kind: Mdt,
                    param: Param(
                        "resource_count",
                    ),
                    target: Target(
                        "ai400-MDT0000",
                    ),
                    value: 4,
                },
            ),
        ),
        Target(
            ResourceCount(
                TargetStat {
                    kind: Ost,
                    param: Param(
                        "resource_count",
                    ),
                    target: Target(
                        "ai400-OST0000",
                    ),
                    value: 1,
                },
            ),
        ),
        Target(
            ResourceCount(
                TargetStat {
                    kind: Ost,
                    param: Param(
                        "resource_count",
                    ),
                    target: Target(
                        "ai400-OST0001",
                    ),
                    value: 0,
                },
            ),
        ),
        LustreService(
            LdlmCanceld(
                [
                    Stat {
                        name: "req_waittime",
                        units: "usecs",
                        samples: 10,
                        min: Some(
                            33,
                        ),
                        max: Some(
                            85,
                        ),
                        sum: Some(
                            521,
                        ),
                        sumsquare: Some(
                            28911,
                        ),
                    },
                    Stat {
                        name: "req_qdepth",
                        units: "reqs",
                        samples: 10,
                        min: Some(
                            0,
                        ),
                        max: Some(
                            0,
                        ),
                        sum: Some(
                            0,
                        ),
                        sumsquare: Some(
                            0,
                        ),
                    },
                    Stat {
                        name: "req_active",
                        units: "reqs",
                        samples: 10,
                        min: Some(
                            1,
                        ),
                        max: Some(
                            1,
                        ),
                        sum: Some(
                            10,
                        ),
                        sumsquare: Some(
                            10,
                        ),
                    },
                    Stat {
                        name: "req_timeout",
                        units: "secs",
                        samples: 10,
                        min: Some(
                            15,
                        ),
                        max: Some(
                            15,
                        ),
                        sum: Some(
                            150,
                        ),
                        sumsquare: Some(
                            2250,
                        ),
                    },
                    Stat {
                        name: "reqbuf_avail",
                        units: "bufs",
                        samples: 31,
                        min: Some(
                            64,
                        ),
                        max: Some(
                            64,
                        ),
                        sum: Some(
                            1984,
                        ),
                        sumsquare: Some(
                            126976,
                        ),
                    },
                    Stat {
                        name: "ldlm_cancel",
                        units: "usecs",
                        samples: 10,
                        min: Some(
                            25,
                        ),
                        max: Some(
                            100,
                        ),
                        sum: Some(
                            415,
                        ),
                        sumsquare: Some(
                            21291,
                        ),
                    },
                ],
            ),
        ),
        LustreService(
            LdlmCbd(
                [
                    Stat {
                        name: "req_waittime",
                        units: "usecs",
                        samples: 1,
                        min: Some(
                            26,
                        ),
                        max: Some(
                            26,
                        ),
                        sum: Some(
                            26,
                        ),
                        sumsquare: Some(
                            676,
                        ),
                    },
                    Stat {
                        name: "req_qdepth",
                        units: "reqs",
                        samples: 1,
                        min: Some(
                            0,
                        ),
                        max: Some(
                            0,
                        ),
                        sum: Some(
                            0,
                        ),
                        sumsquare: Some(
                            0,
                        ),
                    },
                    Stat {
                        name: "req_active",
                        units: "reqs",
                        samples: 1,
                        min: Some(
                            1,
                        ),
                        max: Some(
                            1,
                        ),
                        sum: Some(
                            1,
                        ),
                        sumsquare: Some(
                            1,
                        ),
                    },
                    Stat {
                        name: "req_timeout",
                        units: "secs",
                        samples: 1,
                        min: Some(
                            15,
                        ),
                        max: Some(
                            15,
                        ),
                        sum: Some(
                            15,
                        ),
                        sumsquare: Some(
                            225,
                        ),
                    },
                    Stat {
                        name: "reqbuf_avail",
                        units: "bufs",
                        samples: 3,
                        min: Some(
                            1,
                        ),
                        max: Some(
                            1,
                        ),
                        sum: Some(
                            3,
                        ),
                        sumsquare: Some(
                            3,
                        ),
                    },
                    Stat {
                        name: "ldlm_bl_callback",
                        units: "usecs",
                        samples: 1,
                        min: Some(
                            16,
                        ),
                        max: Some(
                            16,
                        ),
                        sum: Some(
                            16,
                        ),
                        sumsquare: Some(
                            256,
                        ),
                    },
                ],
            ),
        ),
    ],
    "",
)
