---
source: src/mds/client_count_parser.rs
expression: result

---
(
    [
        Target(
            ConnectedClients(
                TargetStat {
                    kind: Mdt,
                    param: Param(
                        "connected_clients",
                    ),
                    target: Target(
                        "es01a-MDT0000",
                    ),
                    value: 1,
                },
            ),
        ),
        Target(
            ConnectedClients(
                TargetStat {
                    kind: Mdt,
                    param: Param(
                        "connected_clients",
                    ),
                    target: Target(
                        "fs-MDT0000",
                    ),
                    value: 0,
                },
            ),
        ),
    ],
    "",
)
